// Bun Snapshot v1, https://bun.sh/docs/test/snapshots

exports[`df12/complex-conditional diagnostics checks diagnostic output for a complex conditional 1`] = `
"<workspace>/diagnostic.ts:2:11: Conditional has 2 logical operators; extract a named predicate or split into guard clauses. [Error/df12(complex-conditional)]

1 problem
"
`;

exports[`df12 JSDoc baseline cache behaviour reads one baseline across multiple files in a single lint process 1`] = `
"[df12-lints] baseline-cache event=miss directory="<workspace>" hits=<count> misses=<count> hitRatio=<ratio>
[df12-lints] baseline-cache event=hit directory="<workspace>" hits=<count> misses=<count> hitRatio=<ratio>
[df12-lints] baseline-cache event=hit directory="<workspace>" hits=<count> misses=<count> hitRatio=<ratio>
[df12-lints] baseline-cache event=hit directory="<workspace>" hits=<count> misses=<count> hitRatio=<ratio>"
`;
